../Core/Src/main.c:270:6:HAL_TIM_PeriodElapsedCallback	16	static
../Core/Src/main.c:282:5:main	128	static
../Core/Src/main.c:423:6:updatePlayerPos	4	static
../Core/Src/main.c:492:7:EEPROM_READ_PASS	40	static
../Core/Src/main.c:525:6:EEPROM_READ_FUN	24	static
../Core/Src/main.c:548:6:EEPROM_SEND	24	static
../Core/Src/main.c:581:6:Delay_1_plus_us	16	static
../Core/Src/main.c:594:6:updateCellsEnv	16	static
../Core/Src/main.c:642:6:Keypadscan	16	static
../Core/Src/main.c:728:6:KeyProcess	16	static
../Core/Src/main.c:828:6:key1	4	static
../Core/Src/main.c:831:6:key2	4	static
../Core/Src/main.c:834:6:key3	4	static
../Core/Src/main.c:837:6:key4	4	static
../Core/Src/main.c:840:6:key5	4	static
../Core/Src/main.c:843:6:key6	4	static
../Core/Src/main.c:847:6:key7	4	static
../Core/Src/main.c:850:6:key8	4	static
../Core/Src/main.c:853:6:key9	4	static
../Core/Src/main.c:856:6:key0	4	static
../Core/Src/main.c:864:6:keyS	4	static
../Core/Src/main.c:867:6:keyP	4	static
../Core/Src/main.c:874:6:key1R	4	static
../Core/Src/main.c:876:6:key2R	4	static
../Core/Src/main.c:878:6:key3R	4	static
../Core/Src/main.c:880:6:key4R	4	static
../Core/Src/main.c:882:6:key5R	4	static
../Core/Src/main.c:884:6:key6R	4	static
../Core/Src/main.c:886:6:key7R	4	static
../Core/Src/main.c:889:6:key8R	4	static
../Core/Src/main.c:892:6:key9R	4	static
../Core/Src/main.c:895:6:key0R	4	static
../Core/Src/main.c:902:6:keySR	4	static
../Core/Src/main.c:905:6:keyPR	4	static
../Core/Src/main.c:915:6:SystemClock_Config	96	static
../Core/Src/main.c:965:13:MX_SPI1_Init	8	static
../Core/Src/main.c:1005:13:MX_TIM2_Init	40	static
../Core/Src/main.c:1050:13:MX_TIM5_Init	40	static
../Core/Src/main.c:1095:13:MX_GPIO_Init	40	static
../Core/Src/main.c:1164:6:Error_Handler	4	static,ignoring_inline_asm
